Last login: Tue May  5 10:42:49 on ttys000
(base) Kritis-MacBook-Pro:~ kritikumar$ pwd
/Users/kritikumar
(base) Kritis-MacBook-Pro:~ kritikumar$ mkdir Flask
(base) Kritis-MacBook-Pro:~ kritikumar$ cd downloads
(base) Kritis-MacBook-Pro:downloads kritikumar$ pwd
/Users/kritikumar/downloads
(base) Kritis-MacBook-Pro:downloads kritikumar$ cd kk3155-final
(base) Kritis-MacBook-Pro:kk3155-final kritikumar$ pwd
/Users/kritikumar/downloads/kk3155-final
(base) Kritis-MacBook-Pro:kk3155-final kritikumar$ git init
Initialized empty Git repository in /Users/kritikumar/Downloads/kk3155-final/.git/
(base) Kritis-MacBook-Pro:kk3155-final kritikumar$ ls
app.py		templates
(base) Kritis-MacBook-Pro:kk3155-final kritikumar$ ls -a
.		.DS_Store	app.py
..		.git		templates
(base) Kritis-MacBook-Pro:kk3155-final kritikumar$ git add
Nothing specified, nothing added.
Maybe you wanted to say 'git add .'?
(base) Kritis-MacBook-Pro:kk3155-final kritikumar$ git add . 
(base) Kritis-MacBook-Pro:kk3155-final kritikumar$ ls
app.py		templates
(base) Kritis-MacBook-Pro:kk3155-final kritikumar$ git status
On branch master

No commits yet

Changes to be committed:
  (use "git rm --cached <file>..." to unstage)

	new file:   .DS_Store
	new file:   app.py
	new file:   templates/1006.html
	new file:   templates/html
	new file:   templates/index.html
	new file:   templates/ipython.html

(base) Kritis-MacBook-Pro:kk3155-final kritikumar$ git commit -m "added basic templates"
[master (root-commit) 5788491] added basic templates
 Committer: Kriti Kumar <kritikumar@Kritis-MacBook-Pro.local>
Your name and email address were configured automatically based
on your username and hostname. Please check that they are accurate.
You can suppress this message by setting them explicitly. Run the
following command and follow the instructions in your editor to edit
your configuration file:

    git config --global --edit

After doing this, you may fix the identity used for this commit with:

    git commit --amend --reset-author

 6 files changed, 564 insertions(+)
 create mode 100644 .DS_Store
 create mode 100755 app.py
 create mode 100755 templates/1006.html
 create mode 100755 templates/html
 create mode 100755 templates/index.html
 create mode 100644 templates/ipython.html
(base) Kritis-MacBook-Pro:kk3155-final kritikumar$ ls
app.py		templates
(base) Kritis-MacBook-Pro:kk3155-final kritikumar$ git status
On branch master
nothing to commit, working tree clean
(base) Kritis-MacBook-Pro:kk3155-final kritikumar$ git status
On branch master
Changes not staged for commit:
  (use "git add <file>..." to update what will be committed)
  (use "git checkout -- <file>..." to discard changes in working directory)

	modified:   .DS_Store
	modified:   app.py
	modified:   templates/index.html

Untracked files:
  (use "git add <file>..." to include in what will be committed)

	1006.html
	Screen Shot 2020-04-28 at 4.06.15 PM.png
	grad_photo.jpg
	index.html

no changes added to commit (use "git add" and/or "git commit -a")
(base) Kritis-MacBook-Pro:kk3155-final kritikumar$ git add . 
(base) Kritis-MacBook-Pro:kk3155-final kritikumar$ git status
On branch master
Changes to be committed:
  (use "git reset HEAD <file>..." to unstage)

	modified:   .DS_Store
	new file:   1006.html
	new file:   Screen Shot 2020-04-28 at 4.06.15 PM.png
	modified:   app.py
	new file:   grad_photo.jpg
	new file:   index.html
	modified:   templates/index.html

(base) Kritis-MacBook-Pro:kk3155-final kritikumar$ git commit -a

tried adding picture
# Please enter the commit message for your changes. Lines starting
# with '#' will be ignored, and an empty message aborts the commit.
#
# Committer: Kriti Kumar <kritikumar@Kritis-MacBook-Pro.local>
#
# On branch master
# Changes to be committed:
#       modified:   .DS_Store
#       new file:   1006.html
#       new file:   Screen Shot 2020-04-28 at 4.06.15 PM.png
#       modified:   app.py
#       new file:   grad_photo.jpg
#       new file:   index.html
#       modified:   templates/index.html
#
~                                                                                                                                                                                    
~                                                                                                                                                                                    
~                                                                                                                                                                                    
~                                                                                                                                                                                    
~                                                                                                                                                                                    
~                                                                                                                                                                                    
~                                                                                                                                                                                    
~                                                                                                                                                                                    
~                                                                                                                                                                                    
~                                                                                                                                                                                    
~                                                                                                                                                                                    
~                                                                                                                                                                                    
~                                                                                                                                                                                    
~                                                                                                                                                                                    
~                                                                                                                                                                                    
~                                                                                                                                                                                    
~                                                                                                                                                                                    
~                                                                                                                                                                                    
~                                                                                                                                                                                    
~                                                                                                                                                                                    
~                                                                                                                                                                                    
~                                                                                                                                                                                    
~                                                                                                                                                                                    
~                                                                                                                                                                                    
~                                                                                                                                                                                    
~                                                                                                                                                                                    
~                                                                                                                                                                                    
~                                                                                                                                                                                    
~                                                                                                                                                                                    
~                                                                                                                                                                                    
~                                                                                                                                                                                    
~                                                                                                                                                                                    
~                                                                                                                                                                                    
~                                                                                                                                                                                    
~                                                                                                                                                                                    
~                                                                                                                                                                                    
~                                                                                                                                                                                    
~                                                                                                                                                                                    
~                                                                                                                                                                                    

