Last login: Tue May  5 13:21:54 on ttys000
(base) Kritis-MacBook-Pro:~ kritikumar$ cd ..
(base) Kritis-MacBook-Pro:Users kritikumar$ /Users/kritikumar/Desktop/Python/kk3155-final
-bash: /Users/kritikumar/Desktop/Python/kk3155-final: is a directory
(base) Kritis-MacBook-Pro:Users kritikumar$ cd /Users/kritikumar/Desktop/Python/kk3155-final
(base) Kritis-MacBook-Pro:kk3155-final kritikumar$ git status
On branch master
Changes to be committed:
  (use "git reset HEAD <file>..." to unstage)

	modified:   .DS_Store
	new file:   1006.html
	new file:   Screen Shot 2020-04-28 at 4.06.15 PM.png
	new file:   Terminal Saved Output
	modified:   app.py
	new file:   grad_photo.jpg
	new file:   index.html
	modified:   templates/index.html

Changes not staged for commit:
  (use "git add <file>..." to update what will be committed)
  (use "git checkout -- <file>..." to discard changes in working directory)

	modified:   .DS_Store

(base) Kritis-MacBook-Pro:kk3155-final kritikumar$ git commit -m "tried adding picture"
[master a670c64] tried adding picture
 Committer: Kriti Kumar <kritikumar@Kritis-MacBook-Pro.local>
Your name and email address were configured automatically based
on your username and hostname. Please check that they are accurate.
You can suppress this message by setting them explicitly. Run the
following command and follow the instructions in your editor to edit
your configuration file:

    git config --global --edit

After doing this, you may fix the identity used for this commit with:

    git commit --amend --reset-author

 8 files changed, 237 insertions(+), 4 deletions(-)
 create mode 100755 1006.html
 create mode 100644 Screen Shot 2020-04-28 at 4.06.15 PM.png
 create mode 100644 Terminal Saved Output
 create mode 100644 grad_photo.jpg
 create mode 100644 index.html
(base) Kritis-MacBook-Pro:kk3155-final kritikumar$ git status

(base) Kritis-MacBook-Pro:kk3155-final kritikumar$ git status


